Agenda :

1. How I will be sharing the running notes?
2. CI/CD Pipeline 
3. Create a Sample Java Project
4. Git Commands 
5. Download, Install & Configre Jenkins 



1. How I will be sharing the running notes?

STEP-1 : Go to git-scm.com and download

STEP-2 : Install & Configure 

STEP-3 : Open Gitbash on your Operating System 
    - Windows :
        - Gitbash 
    - Mac/Linux/Unix : 
        - Terminal
        
STEP-4 : Go to VCS / SCM GUI Vendors :
    - Github 
    - Gitlab 
    - Bitbucket
    - AWS CodeCommit
    - Azure Repos

STEP-5 : Download, Install & Configure IDEL / TEXT Editors :

https://code.visualstudio.com/download

STEP-6 : Go to Local Machine i.e. Laptop or Desktop 

git clone https://gitlab.com/cloudbinary/cicd-with-jenkins_slearn.git

STEP-7 : Open Online Repo with visualstudio Editor:

louds-MacBook-Pro:cicd-with-jenkins_slearn cloudbinary$ pwd
Clouds-MacBook-Pro:20200530_DAY-1 cloudbinary$ pwd
/Users/cloudbinary/cicd-with-jenkins_slearn/20200530_DAY-1
Clouds-MacBook-Pro:20200530_DAY-1 cloudbinary$ ls -lrt
total 176
-rw-r--r--@ 1 cloudbinary  staff  82960 30 May 09:09 Screenshot 2020-05-30 at 9.09.46 AM.png
-rw-r--r--  1 cloudbinary  staff    820 30 May 09:22 runningNotes20200530.txt
Clouds-MacBook-Pro:20200530_DAY-1 cloudbinary$ cd ../
Clouds-MacBook-Pro:cicd-with-jenkins_slearn cloudbinary$ ls -lrta
total 24
drwxr-xr-x+ 34 cloudbinary  staff  1088 30 May 09:17 ..
-rw-r--r--   1 cloudbinary  staff    83 30 May 09:17 README.md
drwxr-xr-x  12 cloudbinary  staff   384 30 May 09:17 .git
drwxr-xr-x   6 cloudbinary  staff   192 30 May 09:23 .
-rw-r--r--@  1 cloudbinary  staff  6148 30 May 09:23 .DS_Store
drwxr-xr-x   4 cloudbinary  staff   128 30 May 09:23 20200530_DAY-1
Clouds-MacBook-Pro:cicd-with-jenkins_slearn cloudbinary$ git branch
* master
Clouds-MacBook-Pro:cicd-with-jenkins_slearn cloudbinary$ git status
On branch master
Your branch is up to date with 'origin/master'.

Untracked files:
  (use "git add <file>..." to include in what will be committed)
        .DS_Store
        20200530_DAY-1/

nothing added to commit but untracked files present (use "git add" to track)
Clouds-MacBook-Pro:cicd-with-jenkins_slearn cloudbinary$ git add .
Clouds-MacBook-Pro:cicd-with-jenkins_slearn cloudbinary$ git status
On branch master
Your branch is up to date with 'origin/master'.

Changes to be committed:
  (use "git restore --staged <file>..." to unstage)
        new file:   .DS_Store
        new file:   20200530_DAY-1/Screenshot 2020-05-30 at 9.09.46 AM.png
        new file:   20200530_DAY-1/runningNotes20200530.txt

Clouds-MacBook-Pro:cicd-with-jenkins_slearn cloudbinary$ git commit -m "Sharing The RunningNotes"
[master 55d0a31] Sharing The RunningNotes
 Committer: Cloud Binary <cloudbinary@Clouds-MacBook-Pro.local>
Your name and email address were configured automatically based
on your username and hostname. Please check that they are accurate.
You can suppress this message by setting them explicitly. Run the
following command and follow the instructions in your editor to edit
your configuration file:

    git config --global --edit

After doing this, you may fix the identity used for this commit with:

    git commit --amend --reset-author

 3 files changed, 38 insertions(+)
 create mode 100644 .DS_Store
 create mode 100644 20200530_DAY-1/Screenshot 2020-05-30 at 9.09.46 AM.png
 create mode 100644 20200530_DAY-1/runningNotes20200530.txt
Clouds-MacBook-Pro:cicd-with-jenkins_slearn cloudbinary$ git status
Clouds-MacBook-Pro:cicd-with-jenkins_slearn cloudbinary$ pwd
/Users/cloudbinary/cicd-with-jenkins_slearn
Clouds-MacBook-Pro:cicd-with-jenkins_slearn cloudbinary$ ls -lrta
total 24
drwxr-xr-x+ 34 cloudbinary  staff  1088 30 May 09:17 ..
-rw-r--r--   1 cloudbinary  staff    83 30 May 09:17 README.md
drwxr-xr-x   6 cloudbinary  staff   192 30 May 09:23 .
-rw-r--r--@  1 cloudbinary  staff  6148 30 May 09:23 .DS_Store
drwxr-xr-x   4 cloudbinary  staff   128 30 May 09:23 20200530_DAY-1
drwxr-xr-x  13 cloudbinary  staff   416 30 May 09:24 .git
Clouds-MacBook-Pro:cicd-with-jenkins_slearn cloudbinary$ git branch
* master
Clouds-MacBook-Pro:cicd-with-jenkins_slearn cloudbinary$ git branch -r
  origin/HEAD -> origin/master
  origin/master
Clouds-MacBook-Pro:cicd-with-jenkins_slearn cloudbinary$ git branch kesav
Clouds-MacBook-Pro:cicd-with-jenkins_slearn cloudbinary$ git branch
  kesav
* master
Clouds-MacBook-Pro:cicd-with-jenkins_slearn cloudbinary$ git checkout kesav
Switched to branch 'kesav'
Clouds-MacBook-Pro:cicd-with-jenkins_slearn cloudbinary$ git branch
* kesav
  master
Clouds-MacBook-Pro:cicd-with-jenkins_slearn cloudbinary$ touch test.txt
Clouds-MacBook-Pro:cicd-with-jenkins_slearn cloudbinary$ git status
On branch kesav
Untracked files:
  (use "git add <file>..." to include in what will be committed)
        test.txt

nothing added to commit but untracked files present (use "git add" to track)
Clouds-MacBook-Pro:cicd-with-jenkins_slearn cloudbinary$ git add .
Clouds-MacBook-Pro:cicd-with-jenkins_slearn cloudbinary$ git status
On branch kesav
Changes to be committed:
  (use "git restore --staged <file>..." to unstage)
        new file:   test.txt

Clouds-MacBook-Pro:cicd-with-jenkins_slearn cloudbinary$ git commit -m "Test"
[kesav a8aca63] Test
 Committer: Cloud Binary <cloudbinary@Clouds-MacBook-Pro.local>
Your name and email address were configured automatically based
on your username and hostname. Please check that they are accurate.
You can suppress this message by setting them explicitly. Run the
following command and follow the instructions in your editor to edit
your configuration file:

    git config --global --edit

After doing this, you may fix the identity used for this commit with:

    git commit --amend --reset-author

 1 file changed, 0 insertions(+), 0 deletions(-)
 create mode 100644 test.txt
Clouds-MacBook-Pro:cicd-with-jenkins_slearn cloudbinary$ git push -u origin kesav
Enumerating objects: 4, done.
Counting objects: 100% (4/4), done.
Delta compression using up to 4 threads
Compressing objects: 100% (2/2), done.
Writing objects: 100% (3/3), 278 bytes | 278.00 KiB/s, done.
Total 3 (delta 1), reused 0 (delta 0), pack-reused 0
remote: 
remote: To create a merge request for kesav, visit:
remote:   https://gitlab.com/cloudbinary/cicd-with-jenkins_slearn/-/merge_requests/new?merge_request%5Bsource_branch%5D=kesav
remote: 
To https://gitlab.com/cloudbinary/cicd-with-jenkins_slearn.git
 * [new branch]      kesav -> kesav
Branch 'kesav' set up to track remote branch 'kesav' from 'origin'.
Clouds-MacBook-Pro:cicd-with-jenkins_slearn cloudbinary$ git fetch origin master
From https://gitlab.com/cloudbinary/cicd-with-jenkins_slearn
 * branch            master     -> FETCH_HEAD
Clouds-MacBook-Pro:cicd-with-jenkins_slearn cloudbinary$ git pull origin master
From https://gitlab.com/cloudbinary/cicd-with-jenkins_slearn
 * branch            master     -> FETCH_HEAD
Already up to date.
Clouds-MacBook-Pro:cicd-with-jenkins_slearn cloudbinary$ git branch
* kesav
  master
Clouds-MacBook-Pro:cicd-with-jenkins_slearn cloudbinary$ git checkout master
Switched to branch 'master'
Your branch is up to date with 'origin/master'.
Clouds-MacBook-Pro:cicd-with-jenkins_slearn cloudbinary$ 


#----------------------------------------------------------------#
CentOS/Redhat/Fedora/AmazonLinux / Ubuntu : < 7 Version 

service service_name action

service jenkins start/stop/status/restart

CentOS/Redhat/Fedora/AmazonLinux / Ubuntu : >= 7 

systemctl action service_name

systemctl start/stop/status/restart jenkins
#----------------------------------------------------------------#